
Attaching package: ‘lubridate’

The following objects are masked from ‘package:base’:

    date, intersect, setdiff, union

── Attaching core tidyverse packages ──────────────────────── tidyverse 2.0.0 ──
✔ dplyr   1.1.4     ✔ stringr 1.5.0
✔ forcats 1.0.1     ✔ tibble  3.3.0
✔ ggplot2 4.0.0     ✔ tidyr   1.3.1
✔ purrr   1.0.1     
── Conflicts ────────────────────────────────────────── tidyverse_conflicts() ──
✖ dplyr::filter() masks stats::filter()
✖ dplyr::lag()    masks stats::lag()
ℹ Use the conflicted package (<http://conflicted.r-lib.org/>) to force all conflicts to become errors
Loading required package: Matrix

Attaching package: ‘Matrix’

The following objects are masked from ‘package:tidyr’:

    expand, pack, unpack

New names:
• `` -> `...1`
Rows: 6 Columns: 4
── Column specification ────────────────────────────────────────────────────────
Delimiter: ","
chr (3): data_file, model_formula, method
dbl (1): ...1

ℹ Use `spec()` to retrieve the full column specification for this data.
ℹ Specify the column types or set `show_col_types = FALSE` to quiet this message.
New names:
• `` -> `...1`
• `...1` -> `...3`
Rows: 344834 Columns: 32
── Column specification ────────────────────────────────────────────────────────
Delimiter: ","
chr   (3): gender, race, schoolname
dbl  (28): ...1, ID, ...3, week, tested, vax_status, prior_infections, no_hi...
date  (1): vax_date

ℹ Use `spec()` to retrieve the full column specification for this data.
ℹ Specify the column types or set `show_col_types = FALSE` to quiet this message.
