
Attaching package: ‘lubridate’

The following objects are masked from ‘package:base’:

    date, intersect, setdiff, union

── Attaching core tidyverse packages ──────────────────────── tidyverse 2.0.0 ──
✔ dplyr   1.1.4     ✔ stringr 1.5.0
✔ forcats 1.0.1     ✔ tibble  3.3.0
✔ ggplot2 4.0.0     ✔ tidyr   1.3.1
✔ purrr   1.0.1     
── Conflicts ────────────────────────────────────────── tidyverse_conflicts() ──
✖ dplyr::filter() masks stats::filter()
✖ dplyr::lag()    masks stats::lag()
ℹ Use the conflicted package (<http://conflicted.r-lib.org/>) to force all conflicts to become errors
Loading required package: Matrix

Attaching package: ‘Matrix’

The following objects are masked from ‘package:tidyr’:

    expand, pack, unpack

New names:
• `` -> `...1`
Rows: 6 Columns: 4
── Column specification ────────────────────────────────────────────────────────
Delimiter: ","
chr (3): data_file, model_formula, method
dbl (1): ...1

ℹ Use `spec()` to retrieve the full column specification for this data.
ℹ Specify the column types or set `show_col_types = FALSE` to quiet this message.
New names:
• `` -> `...1`
• `...1` -> `...2`
Rows: 88967 Columns: 26
── Column specification ────────────────────────────────────────────────────────
Delimiter: ","
chr   (3): gender, race, schoolname
dbl  (22): ...1, ...2, ID, week, tested, vax_status, prior_infections, no_hi...
date  (1): vax_date

ℹ Use `spec()` to retrieve the full column specification for this data.
ℹ Specify the column types or set `show_col_types = FALSE` to quiet this message.
Warning messages:
1: In checkConv(attr(opt, "derivs"), opt$par, ctrl = control$checkConv,  :
  unable to evaluate scaled gradient
2: In checkConv(attr(opt, "derivs"), opt$par, ctrl = control$checkConv,  :
  Model failed to converge: degenerate  Hessian with 1 negative eigenvalues
3: In vcov.merMod(object, use.hessian = use.hessian) :
  variance-covariance matrix computed from finite-difference Hessian is
not positive definite or contains NA values: falling back to var-cov estimated from RX
4: In vcov.merMod(object, correlation = correlation, sigm = sig) :
  variance-covariance matrix computed from finite-difference Hessian is
not positive definite or contains NA values: falling back to var-cov estimated from RX
5: In vcov.merMod(object, use.hessian = use.hessian) :
  variance-covariance matrix computed from finite-difference Hessian is
not positive definite or contains NA values: falling back to var-cov estimated from RX
6: In vcov.merMod(object, correlation = correlation, sigm = sig) :
  variance-covariance matrix computed from finite-difference Hessian is
not positive definite or contains NA values: falling back to var-cov estimated from RX
7: In vcov.merMod(object, use.hessian = use.hessian) :
  variance-covariance matrix computed from finite-difference Hessian is
not positive definite or contains NA values: falling back to var-cov estimated from RX
8: In vcov.merMod(object, correlation = correlation, sigm = sig) :
  variance-covariance matrix computed from finite-difference Hessian is
not positive definite or contains NA values: falling back to var-cov estimated from RX
9: In vcov.merMod(object, use.hessian = use.hessian) :
  variance-covariance matrix computed from finite-difference Hessian is
not positive definite or contains NA values: falling back to var-cov estimated from RX
10: In vcov.merMod(object, correlation = correlation, sigm = sig) :
  variance-covariance matrix computed from finite-difference Hessian is
not positive definite or contains NA values: falling back to var-cov estimated from RX
