    Min.  1st Qu.   Median     Mean  3rd Qu.     Max. 
0.000105 0.463377 0.813316 0.667166 0.924804 0.996362 
     Min.   1st Qu.    Median      Mean   3rd Qu.      Max. 
0.0006353 0.7864706 0.8848512 0.8322466 0.9481731 0.9963617 
[1] "Fitting Model 1"
[1] " "
[1] " "

Call:
glm(formula = result ~ vax_status, family = binomial, data = VScohort.alltested)

Deviance Residuals: 
    Min       1Q   Median       3Q      Max  
-0.0998  -0.0998  -0.0998  -0.0989   3.2626  

Coefficients:
            Estimate Std. Error  z value Pr(>|z|)    
(Intercept) -5.29989    0.02826 -187.511   <2e-16 ***
vax_status  -0.01761    0.05520   -0.319     0.75    
---
Signif. codes:  0 ‘***’ 0.001 ‘**’ 0.01 ‘*’ 0.05 ‘.’ 0.1 ‘ ’ 1

(Dispersion parameter for binomial family taken to be 1)

    Null deviance: 21507  on 344833  degrees of freedom
Residual deviance: 21507  on 344832  degrees of freedom
AIC: 21511

Number of Fisher Scoring iterations: 8

[1] "Fitting Model 2"
[1] " "
[1] " "
Generalized linear mixed model fit by maximum likelihood (Laplace
  Approximation) [glmerMod]
 Family: binomial  ( logit )
Formula: result ~ vax_status + start_age + gender + race + dir_cert +  
    prior_infections + (1 | schoolname) + (1 | ID) + ns(week,      df = 5)
   Data: VScohort.alltested
Control: glmerControl(optimizer = "bobyqa", optCtrl = list(maxfun = 1e+06))

      AIC       BIC    logLik -2*log(L)  df.resid 
  19972.1   20154.9   -9969.0   19938.1    344817 

Scaled residuals: 
    Min      1Q  Median      3Q     Max 
-1.2553 -0.0329 -0.0219 -0.0156 31.1150 

Random effects:
 Groups     Name        Variance  Std.Dev.
 ID         (Intercept) 8.258e+00 2.873647
 schoolname (Intercept) 1.344e-06 0.001159
Number of obs: 344834, groups:  ID, 15202; schoolname, 65

Fixed effects:
                               Estimate Std. Error z value Pr(>|z|)    
(Intercept)                   -4.856632   0.451354 -10.760  < 2e-16 ***
vax_status                     0.075182   0.117682   0.639   0.5229    
start_age                     -0.151822   0.029902  -5.077 3.83e-07 ***
genderM                       -0.027357   0.113066  -0.242   0.8088    
raceBlack or African American -0.321178   0.402494  -0.798   0.4249    
raceHispanic/Latino           -0.060012   0.417831  -0.144   0.8858    
raceOther                     -0.501696   0.458791  -1.094   0.2742    
raceWhite                     -0.498969   0.392174  -1.272   0.2033    
dir_cert                      -0.005186   0.003016  -1.720   0.0855 .  
prior_infections              -1.830637   0.096879 -18.896  < 2e-16 ***
ns(week, df = 5)1              1.926811   0.177632  10.847  < 2e-16 ***
ns(week, df = 5)2             -2.337403   0.239240  -9.770  < 2e-16 ***
ns(week, df = 5)3             -0.539621   0.231057  -2.335   0.0195 *  
ns(week, df = 5)4             -2.674153   0.281307  -9.506  < 2e-16 ***
ns(week, df = 5)5              2.097985   0.162284  12.928  < 2e-16 ***
---
Signif. codes:  0 ‘***’ 0.001 ‘**’ 0.01 ‘*’ 0.05 ‘.’ 0.1 ‘ ’ 1
optimizer (bobyqa) convergence code: 0 (OK)
unable to evaluate scaled gradient
Model failed to converge: degenerate  Hessian with 2 negative eigenvalues

[1] "Defining Super Tester Cohort"
[1] " "
[1] " "
[1] 31
[1] "Fitting Model 3"
[1] " "
[1] " "
Generalized linear mixed model fit by maximum likelihood (Laplace
  Approximation) [glmerMod]
 Family: binomial  ( logit )
Formula: result ~ vax_status + start_age + gender + race + dir_cert +  
    prior_infections + (1 | schoolname) + (1 | ID) + ns(week,      df = 5)
   Data: STcohort.alltested
Control: glmerControl(optimizer = "bobyqa", optCtrl = list(maxfun = 1e+06))

      AIC       BIC    logLik -2*log(L)  df.resid 
   4115.8    4275.5   -2040.9    4081.8     88950 

Scaled residuals: 
    Min      1Q  Median      3Q     Max 
-1.4506 -0.0198 -0.0133 -0.0084 22.3311 

Random effects:
 Groups     Name        Variance  Std.Dev.
 ID         (Intercept) 1.367e+01 3.69744 
 schoolname (Intercept) 3.422e-06 0.00185 
Number of obs: 88967, groups:  ID, 2823; schoolname, 45

Fixed effects:
                               Estimate Std. Error z value Pr(>|z|)    
(Intercept)                   -6.356118   1.161873  -5.471 4.49e-08 ***
vax_status                     0.075921   0.250801   0.303   0.7621    
start_age                     -0.174564   0.095805  -1.822   0.0684 .  
genderM                        0.107268   0.328215   0.327   0.7438    
raceBlack or African American -0.739871   0.992411  -0.746   0.4560    
raceHispanic/Latino           -0.558455   1.050519  -0.532   0.5950    
raceOther                     -0.324143   1.090738  -0.297   0.7663    
raceWhite                     -0.815908   0.936200  -0.872   0.3835    
dir_cert                      -0.003180   0.008784  -0.362   0.7173    
prior_infections              -2.451500   0.228584 -10.725  < 2e-16 ***
ns(week, df = 5)1              2.080967   0.393108   5.294 1.20e-07 ***
ns(week, df = 5)2             -0.517580   0.491180  -1.054   0.2920    
ns(week, df = 5)3              0.274699   0.455750   0.603   0.5467    
ns(week, df = 5)4             -1.380129   0.659834  -2.092   0.0365 *  
ns(week, df = 5)5              3.501362   0.362139   9.669  < 2e-16 ***
---
Signif. codes:  0 ‘***’ 0.001 ‘**’ 0.01 ‘*’ 0.05 ‘.’ 0.1 ‘ ’ 1
optimizer (bobyqa) convergence code: 0 (OK)
unable to evaluate scaled gradient
Model failed to converge: degenerate  Hessian with 1 negative eigenvalues

[1] "Fitting Model 4"
[1] " "
[1] " "
Generalized linear mixed model fit by maximum likelihood (Laplace
  Approximation) [glmerMod]
 Family: binomial  ( logit )
Formula: result ~ vax_status + start_age + gender + race + dir_cert +  
    prior_infections + (1 | schoolname) + (1 | ID) + ns(week,  
    df = 5) + total_tests + avg_time_since_last + avg_tests_in_28 +  
    avg_tests_in_14 + avg_test_density + avg_adj_test_density
   Data: VScohort.alltested
Control: glmerControl(optimizer = "bobyqa", optCtrl = list(maxfun = 1e+07))

      AIC       BIC    logLik -2*log(L)  df.resid 
  20672.4   20919.7  -10313.2   20626.4    344811 

Scaled residuals: 
   Min     1Q Median     3Q    Max 
-0.527 -0.080 -0.060 -0.045 39.709 

Random effects:
 Groups     Name        Variance Std.Dev.
 ID         (Intercept) 0.26223  0.5121  
 schoolname (Intercept) 0.07116  0.2668  
Number of obs: 344834, groups:  ID, 15202; schoolname, 65

Fixed effects:
                               Estimate Std. Error z value Pr(>|z|)    
(Intercept)                   -3.356207   0.346504  -9.686  < 2e-16 ***
vax_status                    -0.069755   0.072437  -0.963 0.335559    
start_age                     -0.034795   0.014222  -2.447 0.014420 *  
genderM                        0.051379   0.050539   1.017 0.309329    
raceBlack or African American -0.112741   0.194145  -0.581 0.561439    
raceHispanic/Latino            0.054426   0.201464   0.270 0.787042    
raceOther                     -0.137710   0.217395  -0.633 0.526437    
raceWhite                     -0.040745   0.188931  -0.216 0.829251    
dir_cert                      -0.003092   0.002068  -1.495 0.134962    
prior_infections              -0.326178   0.071585  -4.556 5.20e-06 ***
ns(week, df = 5)1              2.080310   0.140130  14.846  < 2e-16 ***
ns(week, df = 5)2             -2.562863   0.184831 -13.866  < 2e-16 ***
ns(week, df = 5)3             -0.498391   0.158454  -3.145 0.001659 ** 
ns(week, df = 5)4             -2.535925   0.234983 -10.792  < 2e-16 ***
ns(week, df = 5)5              1.676460   0.109807  15.267  < 2e-16 ***
total_tests                   -0.037840   0.010097  -3.748 0.000178 ***
avg_time_since_last            0.037289   0.009413   3.961 7.45e-05 ***
avg_tests_in_28                0.236859   0.177979   1.331 0.183246    
avg_tests_in_14               -0.331715   0.328309  -1.010 0.312316    
avg_test_density               3.214091   1.959499   1.640 0.100951    
avg_adj_test_density          -7.335417   1.681239  -4.363 1.28e-05 ***
---
Signif. codes:  0 ‘***’ 0.001 ‘**’ 0.01 ‘*’ 0.05 ‘.’ 0.1 ‘ ’ 1
optimizer (bobyqa) convergence code: 0 (OK)
unable to evaluate scaled gradient
Model failed to converge: degenerate  Hessian with 1 negative eigenvalues

[1] "Fitting Model 5"
[1] " "
[1] " "
Generalized linear mixed model fit by maximum likelihood (Laplace
  Approximation) [glmerMod]
 Family: binomial  ( logit )
Formula: result ~ vax_status + start_age + gender + race + dir_cert +  
    prior_infections + (1 | schoolname) + (1 | ID) + ns(week,  
    df = 5) + num_prev_test + time_since_last + tests_in_28 +  
    tests_in_14 + test_density + adj_test_density + no_history
   Data: VScohort.alltested
Control: glmerControl(optimizer = "bobyqa", optCtrl = list(maxfun = 1e+07))

      AIC       BIC    logLik -2*log(L)  df.resid 
  20172.2   20430.2  -10062.1   20124.2    344810 

Scaled residuals: 
    Min      1Q  Median      3Q     Max 
-0.7277 -0.0478 -0.0327 -0.0239 22.5411 

Random effects:
 Groups     Name        Variance  Std.Dev. 
 ID         (Intercept) 3.813e+00 1.9525674
 schoolname (Intercept) 5.031e-07 0.0007093
Number of obs: 344834, groups:  ID, 15202; schoolname, 65

Fixed effects:
                               Estimate Std. Error z value Pr(>|z|)    
(Intercept)                   -5.504500   0.452908 -12.154  < 2e-16 ***
vax_status                    -0.284271   0.106495  -2.669 0.007600 ** 
start_age                     -0.098070   0.021982  -4.461 8.14e-06 ***
genderM                        0.011061   0.082830   0.134 0.893764    
raceBlack or African American -0.213289   0.300329  -0.710 0.477589    
raceHispanic/Latino           -0.181638   0.314150  -0.578 0.563137    
raceOther                     -0.154352   0.335663  -0.460 0.645630    
raceWhite                     -0.281946   0.292501  -0.964 0.335089    
dir_cert                      -0.004796   0.002222  -2.159 0.030861 *  
prior_infections              -1.102882   0.086983 -12.679  < 2e-16 ***
ns(week, df = 5)1              1.988307   0.247684   8.028 9.94e-16 ***
ns(week, df = 5)2             -2.167794   0.397967  -5.447 5.12e-08 ***
ns(week, df = 5)3             -1.111942   0.353699  -3.144 0.001668 ** 
ns(week, df = 5)4             -2.852442   0.574018  -4.969 6.72e-07 ***
ns(week, df = 5)5              1.385648   0.392374   3.531 0.000413 ***
num_prev_test                  0.026192   0.013177   1.988 0.046837 *  
time_since_last                0.011260   0.004780   2.355 0.018501 *  
tests_in_28                   -0.079695   0.045289  -1.760 0.078456 .  
tests_in_14                   -0.010315   0.059351  -0.174 0.862025    
test_density                   3.358467   2.177526   1.542 0.122993    
adj_test_density               3.317423   1.177076   2.818 0.004827 ** 
no_history                     0.893453   0.288810   3.094 0.001978 ** 
---
Signif. codes:  0 ‘***’ 0.001 ‘**’ 0.01 ‘*’ 0.05 ‘.’ 0.1 ‘ ’ 1
optimizer (bobyqa) convergence code: 0 (OK)
unable to evaluate scaled gradient
Model failed to converge: degenerate  Hessian with 2 negative eigenvalues

[1] "Fitting Model 6"
[1] " "
[1] " "
Generalized linear mixed model fit by maximum likelihood (Laplace
  Approximation) [glmerMod]
 Family: binomial  ( logit )
Formula: result ~ vax_status + start_age + gender + race + dir_cert +  
    prior_infections + (1 | schoolname) + (1 | ID) + ns(week,  
    df = 5) + num_prev_test + time_since_last + tests_in_28 +  
    tests_in_14 + test_density + adj_test_density + no_history
   Data: VScohort.alltested
Weights: IPS_weights
Control: glmerControl(optimizer = "bobyqa", optCtrl = list(maxfun = 1e+07))

      AIC       BIC    logLik -2*log(L)  df.resid 
  21162.7   21420.7  -10557.3   21114.7    344810 

Scaled residuals: 
   Min     1Q Median     3Q    Max 
 -1459      0      0      0   5099 

Random effects:
 Groups     Name        Variance  Std.Dev. 
 ID         (Intercept) 1.359e+02 1.166e+01
 schoolname (Intercept) 1.019e-09 3.192e-05
Number of obs: 344834, groups:  ID, 15202; schoolname, 65

Fixed effects:
                                Estimate Std. Error z value Pr(>|z|)    
(Intercept)                   -13.107101   2.039254  -6.427 1.30e-10 ***
vax_status                     -0.436726   0.178578  -2.446 0.014462 *  
start_age                      -0.210521   0.139816  -1.506 0.132144    
genderM                        -0.085942   0.529872  -0.162 0.871153    
raceBlack or African American  -0.838446   1.825156  -0.459 0.645959    
raceHispanic/Latino            -0.761650   1.906693  -0.399 0.689553    
raceOther                      -0.929116   2.096677  -0.443 0.657667    
raceWhite                      -1.255690   1.786478  -0.703 0.482127    
dir_cert                       -0.005938   0.014159  -0.419 0.674935    
prior_infections               -8.652090   0.176645 -48.980  < 2e-16 ***
ns(week, df = 5)1               3.553478   0.322622  11.014  < 2e-16 ***
ns(week, df = 5)2              -0.446080   0.467545  -0.954 0.340037    
ns(week, df = 5)3              -0.628700   0.532692  -1.180 0.237908    
ns(week, df = 5)4              -3.594394   0.806393  -4.457 8.30e-06 ***
ns(week, df = 5)5               2.016690   0.604719   3.335 0.000853 ***
num_prev_test                   0.184403   0.019459   9.476  < 2e-16 ***
time_since_last                 0.004347   0.003696   1.176 0.239478    
tests_in_28                    -0.134032   0.041894  -3.199 0.001377 ** 
tests_in_14                    -0.005293   0.050104  -0.106 0.915875    
test_density                   -0.504557   2.079470  -0.243 0.808286    
adj_test_density                4.266512   1.277893   3.339 0.000842 ***
no_history                     -1.260376   0.277167  -4.547 5.43e-06 ***
---
Signif. codes:  0 ‘***’ 0.001 ‘**’ 0.01 ‘*’ 0.05 ‘.’ 0.1 ‘ ’ 1
optimizer (bobyqa) convergence code: 0 (OK)
boundary (singular) fit: see help('isSingular')

