── Attaching core tidyverse packages ──────────────────────── tidyverse 2.0.0 ──
✔ dplyr     1.1.4     ✔ purrr     1.0.1
✔ forcats   1.0.1     ✔ stringr   1.5.0
✔ ggplot2   4.0.0     ✔ tibble    3.3.0
✔ lubridate 1.9.4     ✔ tidyr     1.3.1
── Conflicts ────────────────────────────────────────── tidyverse_conflicts() ──
✖ dplyr::filter() masks stats::filter()
✖ dplyr::lag()    masks stats::lag()
ℹ Use the conflicted package (<http://conflicted.r-lib.org/>) to force all conflicts to become errors
Loading required package: bdsmatrix

Attaching package: ‘bdsmatrix’

The following object is masked from ‘package:base’:

    backsolve

New names:
• `` -> `...1`
Rows: 6 Columns: 4
── Column specification ────────────────────────────────────────────────────────
Delimiter: ","
chr (3): data_file, model_formula, method
dbl (1): ...1

ℹ Use `spec()` to retrieve the full column specification for this data.
ℹ Specify the column types or set `show_col_types = FALSE` to quiet this message.
New names:
• `` -> `...1`
Rows: 798 Columns: 28
── Column specification ────────────────────────────────────────────────────────
Delimiter: ","
chr   (3): gender, race, schoolname
dbl  (24): ...1, ID, prior_infections, first_week, vax_week, start_age, dir_...
date  (1): vax_date

ℹ Use `spec()` to retrieve the full column specification for this data.
ℹ Specify the column types or set `show_col_types = FALSE` to quiet this message.
Warning message:
In coxfitfun(x, y, strata = strata, offset = offset, init = ifixed,  :
  Loglik converged before variable  4,5,6,7 ; coefficient may be infinite. 
