[1] ""
[1] ""
[1] "------------------------------"
[1] "Begin File 1: Read in Cleaned Data"
[1] "------------------------------"
[1] ""
[1] ""
[1] ""
[1] "------------------------------"
[1] "Step 2: Adding in Covariates"
[1] "------------------------------"
[1] ""
[1] ""
[1] "Checking Age"
[1] ""
[1] ""
[1] "Checking Vax Status"
[1] ""
[1] ""
[1] "Checking Vax Status by Age"
[1] ""
[1] ""
[1] "Checking by School"
[1] ""
[1] ""
[1] "Number of Students"
[1] ""
[1] ""
[1] "Checking Max Number of Students that could be matched"
[1] ""
[1] 4502
[1] ""
[1] "------------------------------"
[1] "Step 3: Matching Students"
[1] "------------------------------"
[1] ""
[1] ""
[1] "Checking Matched Cohort Sample Sizes"
[1] ""
[1] "Number of Tests: 63371"
[1] "Number of Students: 3842"
[1] ""
[1] "------------------------------"
[1] "Step 4: Assigning Enrollment based on Matches"
[1] "------------------------------"
[1] ""
[1] ""
[1] "Checking Matched Pairs with Positives before enrollment"
[1] ""
[1] ""
[1] "Checking total number of positives"
[1] ""

   0    1 
3642  200 
[1] ""
[1] "Checking that all positive tests occur after enrollment"
[1] ""
[1] ""
[1] "Checking total number of positives"
[1] ""

   0    1 
3642  200 
[1] ""
[1] "------------------------------"
[1] "Step 5: Creating Average Testing Behavior Variables"
[1] "------------------------------"
[1] ""
[1] ""
[1] "Checking individuals with <3 tests after enrollment"
[1] ""

   0    2 
3710  132 
[1] ""
[1] "Checking Matched Data Sample Sizes"
[1] "Number of Tests: 55652"
[1] "Number of Students: 3632"
[1] ""
[1] "------------------------------"
[1] "Step 6: Create Time to Event Variables"
[1] "------------------------------"
[1] ""
[1] ""
[1] "------------------------------"
[1] "Step 7: Save VScohort Matched Time to Event Dataset"
[1] "------------------------------"
[1] ""
[1] ""
[1] ""
[1] ""
[1] "------------------------------"
[1] "------------------------------"
[1] "End File 1: Saving Matched Time to Event"
[1] "------------------------------"
[1] "------------------------------"
[1] ""
[1] ""
[1] ""
[1] ""
[1] ""
[1] "------------------------------"
[1] "Begin File 2: Adding Time Varying Covariates"
[1] "------------------------------"
[1] ""
[1] ""
[1] ""
[1] "------------------------------"
[1] "Step 1: Define Time Windows of Follow-up time"
[1] "------------------------------"
[1] ""
[1] ""
[1] "Checking that both ways of thinking have the same number of tests"
[1] "One entry per test: 55652"
[1] "One entry per ID: 55652"
[1] ""
[1] ""
[1] "Checking that both ways of thinking have the same number of students"
[1] "One entry per test: 3632"
[1] "One entry per ID: 3632"
[1] ""
[1] ""
[1] "------------------------------"
[1] "Step 2: Save the Time Varying Covariate (TVC) data"
[1] "------------------------------"
[1] ""
[1] ""
[1] ""
[1] ""
[1] "------------------------------"
[1] "------------------------------"
[1] "End File 2: Saving Matched Time to Event with TVC"
[1] "------------------------------"
[1] "------------------------------"
[1] ""
[1] ""
[1] ""
[1] ""
[1] ""
[1] "------------------------------"
[1] "Begin File 3: Super tester Matched Cohort"
[1] "------------------------------"
[1] ""
[1] ""
[1] ""
[1] "------------------------------"
[1] "Step 1: Define Super Tester Cohort"
[1] "------------------------------"
[1] ""
[1] ""
[1] "Checking what the data looks like"
[1] ""
        ID prior_infections first_week   vax_date vax_week start_age gender
1 90000052                0          2 2021-07-21        0        18      F
2 90000165                0         21 2021-03-12        0        17      M
3 90000173                0          4       <NA>       NA        18      F
4 90000176                0          5 2021-09-15        3        18      M
5 90000392                0          3 2021-04-05        0        18      M
6 90000463                0         19 2021-03-31        0        18      M
                       race    schoolname dir_cert vax_status n_positive
1 Black or African American  Carver Early     56.1          1          0
2                     White  Jackson High     39.4          1          0
3 Black or African American South Atlanta     58.3          0          0
4 Black or African American    BEST MS-HS     46.2          1          0
5 Black or African American          Mays     49.9          1          0
6           Hispanic/Latino  Jackson High     39.4          1          0
  positive_week result n_tests start_week
1            NA      0      28          2
2            NA      0       9         21
3            NA      0      25          4
4            NA      0      19          5
5            NA      0       9          3
6            NA      0       7         19
[1] 24
[1] ""
[1] "------------------------------"
[1] "Step 2: Check Pre Match Dataset"
[1] "------------------------------"
[1] ""
[1] ""
[1] "Checking by Age"
[1] ""
[1] ""
[1] "Checking by Vax Status"
[1] ""
[1] ""
[1] "Checking by Vax Status by Age"
[1] ""
[1] ""
[1] "Checking by Vax Status by Result"
[1] ""
[1] ""
[1] "Checking by School"
[1] ""
[1] ""
[1] "Checking total number of students"
[1] ""
[1] ""
[1] "Checking maximum number of matched pairs possible"
[1] ""
[1] 1089
[1] ""
[1] "------------------------------"
[1] "Step 3: Match Super Tester Cohort"
[1] "------------------------------"
[1] ""
[1] ""
[1] "Checking Sample Size of Match"
[1] ""
[1] "Number of Tests: 21437"
[1] "Number of Students: 800"
[1] ""
[1] "------------------------------"
[1] "Step 4: Assign Enrollment Dates based on Match"
[1] "------------------------------"
[1] ""
[1] ""
[1] "Check number of positives before enrollment"
[1] ""
[1] ""
[1] "Check total number of positives"
[1] ""

  0   1 
725  75 
[1] ""
[1] "------------------------------"
[1] "Step 5: Fix to only include postives after enrollment"
[1] "------------------------------"
[1] ""
[1] ""
[1] "Confirming that all positive tests occur after enrollment"
[1] ""
[1] ""
[1] "Check total number of positives"
[1] ""

  0   1 
725  75 
[1] ""
[1] "------------------------------"
[1] "Step 6: Compute Average Testing Behavior Variables"
[1] "------------------------------"
[1] ""
[1] ""
[1] "Checking for students with <3 tests after enrollment"

  0   2 
799   1 
[1] ""
[1] "Checking Sample Size"
[1] ""
[1] "Number of Tests: 19454"
[1] "Number of Students: 798"
[1] ""
[1] "------------------------------"
[1] "Step 7: Compute Time to Event Variables"
[1] "------------------------------"
[1] ""
[1] ""
[1] "------------------------------"
[1] "Step 8: Save ST Cohort Time to Event Data"
[1] "------------------------------"
[1] ""
[1] ""
[1] ""
[1] ""
[1] "------------------------------"
[1] "------------------------------"
[1] "End File 3: Saving ST Matched Time to Event"
[1] "------------------------------"
[1] "------------------------------"
[1] ""
[1] ""
[1] ""
