
Attaching package: ‘lubridate’

The following objects are masked from ‘package:base’:

    date, intersect, setdiff, union


Attaching package: ‘dplyr’

The following objects are masked from ‘package:stats’:

    filter, lag

The following objects are masked from ‘package:base’:

    intersect, setdiff, setequal, union

── Attaching core tidyverse packages ──────────────────────── tidyverse 2.0.0 ──
✔ forcats 1.0.1     ✔ stringr 1.5.0
✔ ggplot2 4.0.0     ✔ tibble  3.3.0
✔ purrr   1.0.1     ✔ tidyr   1.3.1
✔ readr   2.1.5     
── Conflicts ────────────────────────────────────────── tidyverse_conflicts() ──
✖ dplyr::filter() masks stats::filter()
✖ dplyr::lag()    masks stats::lag()
ℹ Use the conflicted package (<http://conflicted.r-lib.org/>) to force all conflicts to become errors
Loading required package: Matrix

Attaching package: ‘Matrix’

The following objects are masked from ‘package:tidyr’:

    expand, pack, unpack

Warning messages:
1: In (function (fn, par, lower = rep.int(-Inf, n), upper = rep.int(Inf,  :
  failure to converge in 10000 evaluations
2: In optwrap(optimizer, devfun, start, rho$lower, control = control,  :
  convergence code 4 from Nelder_Mead: failure to converge in 10000 evaluations
3: In checkConv(attr(opt, "derivs"), opt$par, ctrl = control$checkConv,  :
  Model failed to converge with max|grad| = 2.04772 (tol = 0.002, component 1)
4: In checkConv(attr(opt, "derivs"), opt$par, ctrl = control$checkConv,  :
  Model is nearly unidentifiable: very large eigenvalue
 - Rescale variables?;Model is nearly unidentifiable: large eigenvalue ratio
 - Rescale variables?

Correlation matrix not shown by default, as p = 22 > 12.
Use print(x, correlation=TRUE)  or
    vcov(x)        if you need it

