[1] ""
[1] ""
[1] "------------------------------"
[1] "Begin File 1: Read in Cleaned Data"
[1] "------------------------------"
[1] ""
[1] ""
[1] ""
[1] "------------------------------"
[1] "Step 2: Adding in Covariates"
[1] "------------------------------"
[1] ""
[1] ""
[1] "Checking Age"
[1] ""

  12   13   14   15   16   17   18 
1168 1029  303  212  167  119   17 
[1] ""
[1] "Checking Vax Status"
[1] ""

   0    1 
1624 1391 
[1] ""
[1] "Checking Vax Status by Age"
[1] ""
   
     12  13  14  15  16  17  18
  0 711 524 156  98  76  50   9
  1 457 505 147 114  91  69   8
[1] ""
[1] "Checking by School"
[1] ""

  ANCS Middle    BEST MS-HS        Bunche  Carver Early    Centennial 
          149            89           123            36           100 
          CSK      Douglass     H Russell        Hollis        Howard 
           98            21           187            75           373 
     Invictus  Jackson High          King          Long       Midtown 
          158           315           278           122            45 
North Atlanta        Sutton        Sylvan      Therrell    Washington 
           91           272           144            86            37 
       Wesley         Young 
           91           125 
[1] ""
[1] "Number of Students"
[1] ""
[1] 3015
[1] ""
[1] "Checking Max Number of Students that could be matched"
[1] ""
[1] 2098
[1] ""
[1] "------------------------------"
[1] "Step 3: Matching Students"
[1] "------------------------------"
[1] ""
[1] ""
[1] "Checking Matched Cohort Sample Sizes"
[1] ""
[1] "Number of Tests: 31593"
[1] "Number of Students: 1834"
[1] ""
[1] "------------------------------"
[1] "Step 4: Assigning Enrollment based on Matches"
[1] "------------------------------"
[1] ""
[1] ""
[1] "Checking Matched Pairs with Positives before enrollment"
[1] ""
[1] ""
[1] "Checking total number of positives"
[1] ""

   0    1 
1709  125 
[1] ""
[1] "Checking that all positive tests occur after enrollment"
[1] ""
[1] ""
[1] "Checking total number of positives"
[1] ""

   0    1 
1709  125 
[1] ""
[1] "------------------------------"
[1] "Step 5: Creating Average Testing Behavior Variables"
[1] "------------------------------"
[1] ""
[1] ""
[1] "Checking individuals with <3 tests after enrollment"
[1] ""

   0    2 
1768   66 
[1] ""
[1] "Checking Matched Data Sample Sizes"
[1] "Number of Tests: 28922"
[1] "Number of Students: 1716"
[1] ""
[1] "------------------------------"
[1] "Step 6: Create Time to Event Variables"
[1] "------------------------------"
[1] ""
[1] ""
[1] "------------------------------"
[1] "Step 7: Save VScohort Matched Time to Event Dataset"
[1] "------------------------------"
[1] ""
[1] ""
[1] ""
[1] ""
[1] "------------------------------"
[1] "------------------------------"
[1] "End File 1: Saving Matched Time to Event"
[1] "------------------------------"
[1] "------------------------------"
[1] ""
[1] ""
[1] ""
[1] ""
[1] ""
[1] "------------------------------"
[1] "Begin File 2: Adding Time Varying Covariates"
[1] "------------------------------"
[1] ""
[1] ""
[1] ""
[1] "------------------------------"
[1] "Step 1: Define Time Windows of Follow-up time"
[1] "------------------------------"
[1] ""
[1] ""
[1] "Checking that both ways of thinking have the same number of tests"
[1] "One entry per test: 28922"
[1] "One entry per ID: 28922"
[1] ""
[1] ""
[1] "Checking that both ways of thinking have the same number of students"
[1] "One entry per test: 1716"
[1] "One entry per ID: 1716"
[1] ""
[1] ""
[1] "------------------------------"
[1] "Step 2: Save the Time Varying Covariate (TVC) data"
[1] "------------------------------"
[1] ""
[1] ""
[1] ""
[1] ""
[1] "------------------------------"
[1] "------------------------------"
[1] "End File 2: Saving Matched Time to Event with TVC"
[1] "------------------------------"
[1] "------------------------------"
[1] ""
[1] ""
[1] ""
[1] ""
[1] ""
[1] "------------------------------"
[1] "Begin File 3: Super tester Matched Cohort"
[1] "------------------------------"
[1] ""
[1] ""
[1] ""
[1] "------------------------------"
[1] "Step 1: Define Super Tester Cohort"
[1] "------------------------------"
[1] ""
[1] ""
[1] "Checking what the data looks like"
[1] ""
        ID prior_infections first_week   vax_date vax_week start_age gender
1 90000007                0          1       <NA>       NA        12      F
2 90000176                0          0 2021-09-15        0        18      M
3 90000785                0          0 2021-08-11        0        17      F
4 90001719                0          2 2021-07-28        0        17      M
5 90001856                0          1       <NA>       NA        16      M
6 90002447                0          1       <NA>       NA        18      M
                       race   schoolname dir_cert vax_status n_positive
1 Black or African American  ANCS Middle      5.2          0          0
2 Black or African American   BEST MS-HS     52.7          1          1
3 Black or African American   Washington     63.3          1          0
4 Black or African American Jackson High     42.5          1          0
5 Black or African American Carver Early     63.3          0          0
6           Hispanic/Latino     Therrell     58.1          0          0
  positive_week result n_tests start_week
1            NA      0      13          1
2             8      1      29          0
3            NA      0      19          0
4            NA      0       8          2
5            NA      0      28          1
6            NA      0      19          1
[1] 27
[1] ""
[1] "------------------------------"
[1] "Step 2: Check Pre Match Dataset"
[1] "------------------------------"
[1] ""
[1] ""
[1] "Checking by Age"
[1] ""
[1] ""
[1] "Checking by Vax Status"
[1] ""
[1] ""
[1] "Checking by Vax Status by Age"
[1] ""
[1] ""
[1] "Checking by Vax Status by Result"
[1] ""
[1] ""
[1] "Checking by School"
[1] ""
[1] ""
[1] "Checking total number of students"
[1] ""
[1] ""
[1] "Checking maximum number of matched pairs possible"
[1] ""
[1] 554
[1] ""
[1] "------------------------------"
[1] "Step 3: Match Super Tester Cohort"
[1] "------------------------------"
[1] ""
[1] ""
[1] "Checking Sample Size of Match"
[1] ""
[1] "Number of Tests: 12655"
[1] "Number of Students: 398"
[1] ""
[1] "------------------------------"
[1] "Step 4: Assign Enrollment Dates based on Match"
[1] "------------------------------"
[1] ""
[1] ""
[1] "Check number of positives before enrollment"
[1] ""
[1] ""
[1] "Check total number of positives"
[1] ""

  0   1 
347  51 
[1] ""
[1] "------------------------------"
[1] "Step 5: Fix to only include postives after enrollment"
[1] "------------------------------"
[1] ""
[1] ""
[1] "Confirming that all positive tests occur after enrollment"
[1] ""
[1] ""
[1] "Check total number of positives"
[1] ""

  0   1 
347  51 
[1] ""
[1] "------------------------------"
[1] "Step 6: Compute Average Testing Behavior Variables"
[1] "------------------------------"
[1] ""
[1] ""
[1] "Checking for students with <3 tests after enrollment"

  0 
398 
[1] ""
[1] "Checking Sample Size"
[1] ""
[1] "Number of Tests: 11666"
[1] "Number of Students: 398"
[1] ""
[1] "------------------------------"
[1] "Step 7: Compute Time to Event Variables"
[1] "------------------------------"
[1] ""
[1] ""
[1] "------------------------------"
[1] "Step 8: Save ST Cohort Time to Event Data"
[1] "------------------------------"
[1] ""
[1] ""
[1] ""
[1] ""
[1] "------------------------------"
[1] "------------------------------"
[1] "End File 3: Saving ST Matched Time to Event"
[1] "------------------------------"
[1] "------------------------------"
[1] ""
[1] ""
[1] ""
