── Attaching core tidyverse packages ──────────────────────── tidyverse 2.0.0 ──
✔ dplyr     1.1.4     ✔ purrr     1.0.1
✔ forcats   1.0.1     ✔ stringr   1.5.0
✔ ggplot2   4.0.0     ✔ tibble    3.3.0
✔ lubridate 1.9.4     ✔ tidyr     1.3.1
── Conflicts ────────────────────────────────────────── tidyverse_conflicts() ──
✖ dplyr::filter() masks stats::filter()
✖ dplyr::lag()    masks stats::lag()
ℹ Use the conflicted package (<http://conflicted.r-lib.org/>) to force all conflicts to become errors
Loading required package: bdsmatrix

Attaching package: ‘bdsmatrix’

The following object is masked from ‘package:base’:

    backsolve

New names:
• `` -> `...1`
Rows: 6 Columns: 4
── Column specification ────────────────────────────────────────────────────────
Delimiter: ","
chr (3): data_file, model_formula, method
dbl (1): ...1

ℹ Use `spec()` to retrieve the full column specification for this data.
ℹ Specify the column types or set `show_col_types = FALSE` to quiet this message.
New names:
• `` -> `...1`
• `...1` -> `...3`
Rows: 28922 Columns: 31
── Column specification ────────────────────────────────────────────────────────
Delimiter: ","
chr   (3): gender, race, schoolname
dbl  (27): ...1, ID, ...3, week, tested, vax_status, prior_infections, no_hi...
date  (1): vax_date

ℹ Use `spec()` to retrieve the full column specification for this data.
ℹ Specify the column types or set `show_col_types = FALSE` to quiet this message.
