[1] ""
[1] ""
[1] "------------------------------"
[1] "Begin File 1: Read in Cleaned Data"
[1] "------------------------------"
[1] ""
[1] ""
[1] ""
[1] "------------------------------"
[1] "Step 2: Adding in Covariates"
[1] "------------------------------"
[1] ""
[1] ""
[1] "Checking Age"
[1] ""
[1] ""
[1] "Checking Vax Status"
[1] ""
[1] ""
[1] "Checking Vax Status by Age"
[1] ""
[1] ""
[1] "Checking by School"
[1] ""
[1] ""
[1] "Number of Students"
[1] ""
[1] ""
[1] "Checking Max Number of Students that could be matched"
[1] ""
[1] 11690
[1] ""
[1] "------------------------------"
[1] "Step 3: Matching Students"
[1] "------------------------------"
[1] ""
[1] ""
[1] "Checking Matched Cohort Sample Sizes"
[1] ""
[1] "Number of Tests: 165318"
[1] "Number of Students: 7024"
[1] ""
[1] "------------------------------"
[1] "Step 4: Assigning Enrollment based on Matches"
[1] "------------------------------"
[1] ""
[1] ""
[1] "Checking Matched Pairs with Positives before enrollment"
[1] ""
[1] ""
[1] "Checking total number of positives"
[1] ""

   0    1 
6485  539 
[1] ""
[1] "Checking that all positive tests occur after enrollment"
[1] ""
[1] ""
[1] "Checking total number of positives"
[1] ""

   0    1 
6470  554 
[1] ""
[1] "------------------------------"
[1] "Step 5: Creating Average Testing Behavior Variables"
[1] "------------------------------"
[1] ""
[1] ""
[1] "Checking individuals with <3 tests after enrollment"
[1] ""

   0    2 
6730  294 
[1] ""
[1] "Checking Matched Data Sample Sizes"
[1] "Number of Tests: 109392"
[1] "Number of Students: 6596"
[1] ""
[1] "------------------------------"
[1] "Step 6: Create Time to Event Variables"
[1] "------------------------------"
[1] ""
[1] ""
[1] "------------------------------"
[1] "Step 7: Save VScohort Matched Time to Event Dataset"
[1] "------------------------------"
[1] ""
[1] ""
[1] ""
[1] ""
[1] "------------------------------"
[1] "------------------------------"
[1] "End File 1: Saving Matched Time to Event"
[1] "------------------------------"
[1] "------------------------------"
[1] ""
[1] ""
[1] ""
[1] ""
[1] ""
[1] "------------------------------"
[1] "Begin File 2: Adding Time Varying Covariates"
[1] "------------------------------"
[1] ""
[1] ""
[1] ""
[1] "------------------------------"
[1] "Step 1: Define Time Windows of Follow-up time"
[1] "------------------------------"
[1] ""
[1] ""
[1] "Checking that both ways of thinking have the same number of tests"
[1] "One entry per test: 109392"
[1] "One entry per ID: 109392"
[1] ""
[1] ""
[1] "Checking that both ways of thinking have the same number of students"
[1] "One entry per test: 6596"
[1] "One entry per ID: 6596"
[1] ""
[1] ""
[1] "------------------------------"
[1] "Step 2: Save the Time Varying Covariate (TVC) data"
[1] "------------------------------"
[1] ""
[1] ""
[1] ""
[1] ""
[1] "------------------------------"
[1] "------------------------------"
[1] "End File 2: Saving Matched Time to Event with TVC"
[1] "------------------------------"
[1] "------------------------------"
[1] ""
[1] ""
[1] ""
[1] ""
[1] ""
[1] "------------------------------"
[1] "Begin File 3: Super tester Matched Cohort"
[1] "------------------------------"
[1] ""
[1] ""
[1] ""
[1] "------------------------------"
[1] "Step 1: Define Super Tester Cohort"
[1] "------------------------------"
[1] ""
[1] ""
[1] "Checking what the data looks like"
[1] ""
        ID prior_infections first_week   vax_date vax_week start_age gender
1 90000007                0          1       <NA>       NA        11      F
2 90004540                1          1 2021-11-15       12         5      M
3 90013608                0          1       <NA>       NA        11      F
4 90013609                0         22       <NA>       NA        11      F
5 90013699                0          3 2021-10-23        8        11      M
6 90013731                0          1 2021-11-16       12        11      M
                       race  schoolname dir_cert vax_status n_positive
1 Black or African American ANCS Middle      6.5          0          0
2                     White  Springdale      6.5          1          1
3 Black or African American        Long     66.6          0          1
4 Black or African American    Invictus     68.8          0          0
5                     White        King     56.5          1          0
6 Black or African American      Sutton     17.2          1          0
  positive_week result n_tests start_week
1            NA      0      25          1
2            11      1      12         12
3            19      1      24          1
4            NA      0      11         22
5            NA      0      23          8
6            NA      0      16         12
[1] 31
[1] ""
[1] "------------------------------"
[1] "Step 2: Check Pre Match Dataset"
[1] "------------------------------"
[1] ""
[1] ""
[1] "Checking by Age"
[1] ""
[1] ""
[1] "Checking by Vax Status"
[1] ""
[1] ""
[1] "Checking by Vax Status by Age"
[1] ""
[1] ""
[1] "Checking by Vax Status by Result"
[1] ""
[1] ""
[1] "Checking by School"
[1] ""
[1] ""
[1] "Checking total number of students"
[1] ""
[1] ""
[1] "Checking maximum number of matched pairs possible"
[1] ""
[1] 2077
[1] ""
[1] "------------------------------"
[1] "Step 3: Match Super Tester Cohort"
[1] "------------------------------"
[1] ""
[1] ""
[1] "Checking Sample Size of Match"
[1] ""
[1] "Number of Tests: 47080"
[1] "Number of Students: 1492"
[1] ""
[1] "------------------------------"
[1] "Step 4: Assign Enrollment Dates based on Match"
[1] "------------------------------"
[1] ""
[1] ""
[1] "Check number of positives before enrollment"
[1] ""
[1] ""
[1] "Check total number of positives"
[1] ""

   0    1 
1369  123 
[1] ""
[1] "------------------------------"
[1] "Step 5: Fix to only include postives after enrollment"
[1] "------------------------------"
[1] ""
[1] ""
[1] "Confirming that all positive tests occur after enrollment"
[1] ""
[1] ""
[1] "Check total number of positives"
[1] ""

   0    1 
1361  131 
[1] ""
[1] "------------------------------"
[1] "Step 6: Compute Average Testing Behavior Variables"
[1] "------------------------------"
[1] ""
[1] ""
[1] "Checking for students with <3 tests after enrollment"

   0 
1492 
[1] ""
[1] "Checking Sample Size"
[1] ""
[1] "Number of Tests: 30087"
[1] "Number of Students: 1492"
[1] ""
[1] "------------------------------"
[1] "Step 7: Compute Time to Event Variables"
[1] "------------------------------"
[1] ""
[1] ""
[1] "------------------------------"
[1] "Step 8: Save ST Cohort Time to Event Data"
[1] "------------------------------"
[1] ""
[1] ""
[1] ""
[1] ""
[1] "------------------------------"
[1] "------------------------------"
[1] "End File 3: Saving ST Matched Time to Event"
[1] "------------------------------"
[1] "------------------------------"
[1] ""
[1] ""
[1] ""
